******************************************************************************
                  TI ARM Linker PC v18.1.4                     
******************************************************************************
>> Linked Wed May  8 16:22:07 2019

OUTPUT FILE NAME:   <out_of_box_CC3220S_LAUNCHXL_freertos_ccs.out>
ENTRY POINT SYMBOL: "resetISR"  address: 200274dd


MEMORY CONFIGURATION

         name            origin    length      used     unused   attr    fill
----------------------  --------  ---------  --------  --------  ----  --------
  SRAM2                 20000000   00004000  0000070c  000038f4  RW X
  SRAM                  20004000   0003c000  00034b72  0000748e  RW X


SEGMENT ALLOCATION MAP

run origin  load origin   length   init length attrs members
----------  ----------- ---------- ----------- ----- -------
20003c00    20003c00    00000400   00000000    rw-
  20003c00    20003c00    00000400   00000000    rw- .stack
20004000    20004000    00023b08   00023b08    r-x
  20004000    20004000    00000040   00000040    r-- .resetVecs
  20004040    20004040    00023ac8   00023ac8    r-x .text
20027c00    20027c00    0000f4b5   00000000    rw-
  20027c00    20027c00    0000d67f   00000000    rw- .bss
  20035280    20035280    00001e35   00000000    rw- .data
200370b8    200370b8    00001bb8   00001bb8    r--
  200370b8    200370b8    000017d6   000017d6    r-- .const
  20038890    20038890    000003e0   000003e0    r-- .cinit


SECTION ALLOCATION MAP

 output                                  attributes/
section   page    origin      length       input sections
--------  ----  ----------  ----------   ----------------
.text      0    20004040    00023ac8     
                  20004040    00000d58     ota_archive.obj (.text:OtaArchive_Process)
                  20004d98    00000a4a     rtsv7M4_T_le_eabi.lib : _printfi.c.obj (.text:__TI_printfi)
                  200057e2    00000002     drivers_cc32xx.aem4 : CryptoCC32XX.oem4 (.text:CryptoCC32XX_init)
                  200057e4    000009bc     rtsv7M4_T_le_eabi.lib : e_pow.c.obj (.text:pow)
                  200061a0    00000928     simplelink.a : driver.obj (.text:_SlDrvMsgRead)
                  20006ac8    000008f8     system_task.obj (.text:System_Task)
                  200073c0    00000897     out_of_box.obj (.text:SimpleLinkWlanEventHandler)
                  20007c57    00000001     --HOLE-- [fill = 0]
                  20007c58    000007a4     ota_task.obj (.text:otaTask)
                  200083fc    0000073c     json_release.a : parse_common.oem4 (.text:ParseCommon)
                  20008b38    000006d4     link_local_task.obj (.text:otaPutCallback)
                  2000920c    0000056c     ota_archive.obj (.text:_BundleCmdFile_Parse)
                  20009778    0000055c     out_of_box.obj (.text:mainThread)
                  20009cd4    000004b0     simplelink.a : sl_socket.obj (.text:_SlSocketHandleAsync_Select)
                  2000a184    0000042c     driverlib.a : prcm.obj (.text:PRCMCC3200MCUInit)
                  2000a5b0    0000040d     link_local_task.obj (.text:parseUrlEncoded)
                  2000a9bd    00000001     --HOLE-- [fill = 0]
                  2000a9be    00000002     drivers_cc32xx.aem4 : I2CCC32XX.oem4 (.text:I2CCC32XX_init)
                  2000a9c0    000003cc     link_local_task.obj (.text:linkLocalTask)
                  2000ad8c    000003b8     out_of_box.obj (.text:SimpleLinkNetAppEventHandler)
                  2000b144    0000039c     provisioning_task.obj (.text:validateLocalLinkConnection)
                  2000b4e0    00000384     simplelink.a : driver.obj (.text:_SlDrvMsgWrite)
                  2000b864    00000384     link_local_task.obj (.text:initLinkLocalDB)
                  2000bbe8    0000033c     system_task.obj (.text:initializeFiles)
                  2000bf24    0000032c     link_local_task.obj (.text:deviceGetCallback)
                  2000c250    000002e0     simplelink.a : driver.obj (.text:_SlDrvWaitForPoolObj)
                  2000c530    000002d8                  : driver.obj (.text:_SlDrvRxHdrRead)
                  2000c808    000002c0     json_release.a : utils.oem4 (.text:FindPropertyByPropertyPath)
                  2000cac8    000002b8     out_of_box.obj (.text:controlTask)
                  2000cd80    000002a4     provisioning_task.obj (.text:provisioningTask)
                  2000d024    000002a0     provisioning_task.obj (.text:ConfigureSimpleLinkToDefaultState)
                  2000d2c4    000002a0     out_of_box.obj (.text:DisplayBanner)
                  2000d564    000002a0     rtsv7M4_T_le_eabi.lib : mktime.c.obj (.text:__mktime32)
                  2000d804    00000298     fatfs.a : ff.obj (.text:find_volume)
                  2000da9c    00000294     simplelink.a : driver.obj (.text:_SlDrvReleasePoolObj)
                  2000dd30    0000028d     out_of_box.obj (.text:SimpleLinkSockEventHandler)
                  2000dfbd    00000001     --HOLE-- [fill = 0]
                  2000dfbe    00000002     driverlib.a : interrupt.obj (.text:IntDefaultHandler)
                  2000dfc0    00000284     provisioning_task.obj (.text:HandleStrtdEvt)
                  2000e244    00000278     drivers_cc32xx.aem4 : UARTCC32XX.oem4 (.text:UARTCC32XX_open)
                  2000e4bc    00000278     freertos_builds_CC3220S_LAUNCHXL_release_ccs.lib : mqueue.obj (.text:mq_open)
                  2000e734    00000274     bme280.obj (.text:BME280_compensated_Pressure)
                  2000e9a8    00000274     simplelink.a : driver.obj (.text:_SlDrvDataReadOp)
                  2000ec1c    00000270     link_local_task.obj (.text:environGetCallback)
                  2000ee8c    0000026c     json_release.a : json_engine.oem4 (.text:__JSON_Init)
                  2000f0f8    00000268     rtsv7M4_T_le_eabi.lib : _printfi.c.obj (.text:_pconv_a)
                  2000f360    00000266     ota_archive.obj (.text:OtaArchive_CheckVersion)
                  2000f5c6    00000002     platform.obj (.text:Platform_TimerInterruptClear)
                  2000f5c8    00000248     link_local_task.obj (.text:sensorGetCallback)
                  2000f810    00000244     out_of_box.obj (.text:SimpleLinkFatalErrorEventHandler)
                  2000fa54    00000234     link_local_task.obj (.text:parseHttpRequestMetadata)
                  2000fc88    00000232     json_release.a : json_engine.oem4 (.text:SetValueInProperty)
                  2000feba    00000002     freertos_builds_CC3220S_LAUNCHXL_release_ccs.lib : PowerCC32XX_freertos.obj (.text:PowerCC32XX_initPolicy)
                  2000febc    0000022c     tmp006drv.obj (.text:ComputeTemperature)
                  200100e8    00000228     drivers_cc32xx.aem4 : CryptoCC32XX.oem4 (.text:CryptoCC32XX_shamd5Process)
                  20010310    00000224     simplelink.a : driver.obj (.text:_SlDrvDriverCBInit)
                  20010534    00000218                  : driver.obj (.text:_SlDrvDataWriteOp)
                  2001074c    000001f4                  : driver.obj (.text:_SlDrvMsgReadCmdCtx)
                  20010940    000001f2                  : netapp.obj (.text:_SlNetAppEventHandler)
                  20010b32    00000002     drivers_cc32xx.aem4 : UARTCC32XX.oem4 (.text:UARTCC32XX_init)
                  20010b34    000001ec     link_local_task.obj (.text:lightGetCallback)
                  20010d20    000001e4     link_local_task.obj (.text:otaGetCallback)
                  20010f04    000001e0     link_local_task.obj (.text:getDeviceType)
                  200110e4    000001dc     system_task.obj (.text:updateData)
                  200112c0    000001d8     drivers_cc32xx.aem4 : GPIOCC32XX.oem4 (.text:GPIO_setConfig)
                  20011498    000001d8     provisioning_task.obj (.text:provisioningStart)
                  20011670    000001d4     freertos_builds_CC3220S_LAUNCHXL_release_ccs.lib : timer.obj (.text:timer_settime)
                  20011844    000001d4                                                      : queue.obj (.text:xQueueSemaphoreTake)
                  20011a18    000001d0     drivers_cc32xx.aem4 : SPICC32XXDMA.oem4 (.text:SPICC32XXDMA_transfer)
                  20011be8    000001cc     rtsv7M4_T_le_eabi.lib : _printfi.c.obj (.text:_pconv_g)
                  20011db4    000001bc     simplelink.a : device.obj (.text:sl_Stop)
                  20011f70    000001b8     drivers_cc32xx.aem4 : SPICC32XXDMA.oem4 (.text:configDMA)
                  20012128    000001b8     freertos_builds_CC3220S_LAUNCHXL_release_ccs.lib : queue.obj (.text:xQueueGenericSend)
                  200122e0    000001b6     fatfs.a : ff.obj (.text:f_open)
                  20012496    000001b6     rtsv7M4_T_le_eabi.lib : fd_add_t2.asm.obj (.text)
                  2001264c    000001b4     simplelink.a : driver.obj (.text:_SlDrvReleaseAllActivePendingPoolObj)
                  20012800    000001b4                  : sl_socket.obj (.text:sl_Accept)
                  200129b4    000001b2     json_release.a : json_engine.oem4 (.text:EnsureArrayAccomodatesIndex)
                  20012b66    00000002     rtsv7M4_T_le_eabi.lib : _lock.c.obj (.text:_nop)
                  20012b68    000001b0     freertos_builds_CC3220S_LAUNCHXL_release_ccs.lib : PowerCC32XX_freertos.obj (.text:PowerCC32XX_sleepPolicy)
                  20012d18    000001b0     drivers_cc32xx.aem4 : SDHostCC32XX.oem4 (.text:SDHostCC32XX_write)
                  20012ec8    000001ac     json_release.a : utils.oem4 (.text:CopyUnexpandedAndInvalidated)
                  20013074    0000019c     bme280.obj (.text:BME280_open)
                  20013210    00000194     link_local_task.obj (.text:SimpleLinkNetAppRequestEventHandler)
                  200133a4    00000186     fatfs.a : ff.obj (.text:f_write)
                  2001352a    00000002     freertos_builds_CC3220S_LAUNCHXL_release_ccs.lib : startup_cc32xx_ccs.obj (.text:busFaultHandler)
                  2001352c    00000184     simplelink.a : driver.obj (.text:_SlDrvFindAndSetActiveObj)
                  200136b0    00000180     drivers_cc32xx.aem4 : SDHostCC32XX.oem4 (.text:SDHostCC32XX_read)
                  20013830    00000180     ota_archive.obj (.text:_ReadOtaVersionFile)
                  200139b0    00000180     rtsv7M4_T_le_eabi.lib : fwrite.c.obj (.text:fwrite)
                  20013b30    00000180     freertos_builds_CC3220S_LAUNCHXL_release_ccs.lib : queue.obj (.text:xQueueReceive)
                  20013cb0    00000178     ota_json.obj (.text:B64_Decode)
                  20013e28    00000178     json_release.a : parse_common.oem4 (.text:FindPropertyInBranch)
                  20013fa0    00000178     freertos_builds_CC3220S_LAUNCHXL_release_ccs.lib : heap_4.obj (.text:pvPortMalloc)
                  20014118    00000170     drivers_cc32xx.aem4 : SDHostCC32XX.oem4 (.text:SDHostCC32XX_initialize)
                  20014288    00000168     simplelink.a : fs.obj (.text:sl_FsCtl)
                  200143f0    00000164     drivers_cc32xx.aem4 : SDHostCC32XX.oem4 (.text:hwiIntFxn)
                  20014554    00000160     link_local_task.obj (.text:stateGetCallback)
                  200146b4    0000015c     ota_archive.obj (.text:_SaveOtaVersionFile)
                  20014810    0000015c     rtsv7M4_T_le_eabi.lib : e_sqrt.c.obj (.text:sqrt)
                  2001496c    0000015a     ota_archive.obj (.text:verifySignature)
                  20014ac6    00000002     freertos_builds_CC3220S_LAUNCHXL_release_ccs.lib : startup_cc32xx_ccs.obj (.text:defaultHandler)
                  20014ac8    00000158     drivers_cc32xx.aem4 : SPICC32XXDMA.oem4 (.text:SPICC32XXDMA_open)
                  20014c20    00000156     fatfs.a : ff.obj (.text:f_read)
                  20014d76    00000002     freertos_builds_CC3220S_LAUNCHXL_release_ccs.lib : startup_cc32xx_ccs.obj (.text:faultISR)
                  20014d78    0000014c     ota_json.obj (.text:OtaJson_init)
                  20014ec4    00000148     drivers_cc32xx.aem4 : PowerCC32XX.oem4 (.text:parkPins)
                  2001500c    00000140     simplelink.a : driver.obj (.text:_SlDrvMsgReadSpawnCtx)
                  2001514c    00000140     fatfs.a : ff.obj (.text:f_lseek)
                  2001528c    0000013c     simplelink.a : driver.obj (.text:_SlDrvDriverCBDeinit)
                  200153c8    0000013c     rtsv7M4_T_le_eabi.lib : _printfi.c.obj (.text:_pconv_e)
                  20015504    0000013c     freertos_builds_CC3220S_LAUNCHXL_release_ccs.lib : tasks.obj (.text:xTaskIncrementTick)
                  20015640    00000138                                                      : pthread.obj (.text:pthread_create)
                  20015778    00000136     rtsv7M4_T_le_eabi.lib : fd_div_t2.asm.obj (.text)
                  200158ae    00000002     freertos_builds_CC3220S_LAUNCHXL_release_ccs.lib : startup_cc32xx_ccs.obj (.text:nmiISR)
                  200158b0    00000134     rtsv7M4_T_le_eabi.lib : localtim.c.obj (.text:__localtime32)
                  200159e4    00000134                           : vla_alloc.c.obj (.text:__vla_alloc)
                  20015b18    00000130     simplelink.a : sl_socket.obj (.text:_SlDrvGetNextTimeoutValue)
                  20015c48    00000130     system_task.obj (.text:loadSystem)
                  20015d78    00000130     freertos_builds_CC3220S_LAUNCHXL_release_ccs.lib : tasks.obj (.text:prvInitialiseNewTask)
                  20015ea8    00000130     rtsv7M4_T_le_eabi.lib : strtol.c.obj (.text:strtol)
                  20015fd8    00000128     simplelink.a : driver.obj (.text:_SlDrvClassifyRxMsg)
                  20016100    00000128     provisioning_task.obj (.text:provisioningAppTask)
                  20016228    00000126     json_release.a : parse_common.oem4 (.text:IdentifyStringLiteral)
                  2001634e    00000002     rtsv7M4_T_le_eabi.lib : div0.asm.obj (.text)
                  20016350    00000124     drivers_cc32xx.aem4 : CryptoCC32XX.oem4 (.text:CryptoCC32XX_verify)
                  20016474    00000124     simplelink.a : fs.obj (.text:sl_FsOpen)
                  20016598    00000120     drivers_cc32xx.aem4 : I2CCC32XX.oem4 (.text:I2CCC32XX_hwiFxn)
                  200166b8    00000120                         : UARTCC32XX.oem4 (.text:UARTCC32XX_close)
                  200167d8    00000120     simplelink.a : driver.obj (.text:_SlDrvAsyncEventGenericHandler)
                  200168f8    00000120     rtsv7M4_T_le_eabi.lib : _printfi.c.obj (.text:fcvt)
                  20016a18    0000011c     simplelink.a : device.obj (.text:sl_Start)
                  20016b34    0000011c     freertos_builds_CC3220S_LAUNCHXL_release_ccs.lib : tasks.obj (.text:xTaskResumeAll)
                  20016c50    00000118     drivers_cc32xx.aem4 : PowerCC32XX.oem4 (.text:Power_sleep)
                  20016d68    00000118     simplelink.a : netapp.obj (.text:_SlNetAppHandleAsync_DnsGetHostByService)
                  20016e80    00000118     freertos_builds_CC3220S_LAUNCHXL_release_ccs.lib : timers.obj (.text:prvProcessReceivedCommands)
                  20016f98    00000114                                                      : tasks.obj (.text:vTaskPriorityDisinheritAfterTimeout)
                  200170ac    0000010c     ota_archive.obj (.text:GetEntireFile)
                  200171b8    0000010c     json_release.a : parse_common.oem4 (.text:SmIncorporateValue)
                  200172c4    0000010c     fatfs.a : ff.obj (.text:f_rename)
                  200173d0    00000108     provisioning_task.obj (.text:WaitForConn)
                  200174d8    00000108     drivers_cc32xx.aem4 : SDHostCC32XX.oem4 (.text:initHw)
                  200175e0    00000108     simplelink.a : netapp.obj (.text:sl_NetAppRecv)
                  200176e8    00000104                  : device.obj (.text:_SlDeviceEventHandler)
                  200177ec    00000104                  : driver.obj (.text:_SlDrvCmdOp)
                  200178f0    00000104                  : fs.obj (.text:sl_FsRead)
                  200179f4    00000104     freertos_builds_CC3220S_LAUNCHXL_release_ccs.lib : queue.obj (.text:xQueueGenericSendFromISR)
                  20017af8    00000102     json_release.a : json_engine.oem4 (.text:__JSON_GetValue)
                  20017bfa    00000002     main_freertos.obj (.text:vApplicationMallocFailedHook)
                  20017bfc    00000100     provisioning_task.obj (.text:ReportSuccess)
                  20017cfc    00000100     simplelink.a : driver.obj (.text:_SlDrvObjGlobalLockWaitForever)
                  20017dfc    00000100                  : sl_socket.obj (.text:sl_Close)
                  20017efc    00000100                  : fs.obj (.text:sl_FsWrite)
                  20017ffc    000000fc     ota_json.obj (.text:B64_Init)
                  200180f8    000000fc     drivers_cc32xx.aem4 : I2CCC32XX.oem4 (.text:I2CCC32XX_open)
                  200181f4    000000fc     rtsv7M4_T_le_eabi.lib : fd_mul_t2.asm.obj (.text)
                  200182f0    000000fc     freertos_builds_CC3220S_LAUNCHXL_release_ccs.lib : tasks.obj (.text:vTaskSuspend)
                  200183ec    000000fa     rtsv7M4_T_le_eabi.lib : fs_add_t2.asm.obj (.text)
                  200184e6    00000002     --HOLE-- [fill = 0]
                  200184e8    000000f8                           : fread.c.obj (.text:fread)
                  200185e0    000000f8     simplelink.a : netutil.obj (.text:sl_NetUtilCmd)
                  200186d8    000000f8     freertos_builds_CC3220S_LAUNCHXL_release_ccs.lib : tasks.obj (.text:vTaskDelete)
                  200187d0    000000f2     drivers_cc32xx.aem4 : SPICC32XXDMA.oem4 (.text:SPICC32XXDMA_transferCancel)
                  200188c2    000000f2                         : UARTCC32XX.oem4 (.text:UARTCC32XX_control)
                  200189b4    000000f0     bme280.obj (.text:BME280_compensated_Humidity)
                  20018aa4    000000f0     ccs811.obj (.text:ccs811_init_sensor)
                  20018b94    000000f0     freertos_builds_CC3220S_LAUNCHXL_release_ccs.lib : queue.obj (.text:xQueueGiveFromISR)
                  20018c84    000000ee     fatfs.a : ff.obj (.text:create_chain)
                  20018d72    000000ee             : ff.obj (.text:put_fat)
                  20018e60    000000ec     bme280.obj (.text:BME280_readMeasurements)
                  20018f4c    000000ec     driverlib.a : shamd5.obj (.text:SHAMD5DataWriteMultiple)
                  20019038    000000ec     link_local_task.obj (.text:lightPostCallback)
                  20019124    000000ec     provisioning_task.obj (.text:provisioningStop)
                  20019210    000000e8     freertos_builds_CC3220S_LAUNCHXL_release_ccs.lib : tasks.obj (.text:vTaskDelayUntil)
                  200192f8    000000e8                                                      : tasks.obj (.text:xTaskPriorityInherit)
                  200193e0    000000e4     provisioning_task.obj (.text:SimpleLinkInitCallback)
                  200194c4    000000e0     out_of_box.obj (.text:SimpleLinkGeneralEventHandler)
                  200195a4    000000e0     simplelink.a : driver.obj (.text:_SlSpawnMsgListInsert)
                  20019684    000000e0     freertos_builds_CC3220S_LAUNCHXL_release_ccs.lib : tasks.obj (.text:xTaskPriorityDisinherit)
                  20019764    000000dc     fatfs.a : ff.obj (.text:create_name)
                  20019840    000000dc     rtsv7M4_T_le_eabi.lib : setvbuf.c.obj (.text:setvbuf)
                  2001991c    000000dc     freertos_builds_CC3220S_LAUNCHXL_release_ccs.lib : tasks.obj (.text:vTaskSwitchContext)
                  200199f8    000000da     ccs811.obj (.text:ccs811_get_results)
                  20019ad2    00000002     --HOLE-- [fill = 0]
                  20019ad4    000000d8     drivers_cc32xx.aem4 : CryptoCC32XX.oem4 (.text:CryptoCC32XX_sign)
                  20019bac    000000d8                         : SPICC32XXDMA.oem4 (.text:SPICC32XXDMA_close)
                  20019c84    000000d8     simplelink.a : device.obj (.text:_SlDeviceHandleAsync_InitComplete)
                  20019d5c    000000d8                  : driver.obj (.text:_SlDrvWaitForInternalAsyncEvent)
                  20019e34    000000d8                  : netapp.obj (.text:_SlNetAppHandleAsync_NetAppReceive)
                  20019f0c    000000d8     freertos_builds_CC3220S_LAUNCHXL_release_ccs.lib : queue.obj (.text:xQueueReceiveFromISR)
                  20019fe4    000000d4                                                      : mqueue.obj (.text:mq_timedreceive)
                  2001a0b8    000000d4                                                      : mqueue.obj (.text:mq_timedsend)
                  2001a18c    000000d0     drivers_cc32xx.aem4 : SDFatFS.oem4 (.text:SDFatFS_open)
                  2001a25c    000000d0     simplelink.a : driver.obj (.text:_SlDrvRemoveFromList)
                  2001a32c    000000d0                  : netapp.obj (.text:_SlNetAppMDNSRegisterUnregisterService)
                  2001a3fc    000000d0     rtsv7M4_T_le_eabi.lib : fopen.c.obj (.text:_openfile)
                  2001a4cc    000000d0                           : s_scalbn.c.obj (.text:scalbn)
                  2001a59c    000000cc     ccs811.obj (.text:ccs811_check_error_status)
                  2001a668    000000c8     simplelink.a : sl_socket.obj (.text:_SlSocketHandleAsync_StartTLS)
                  2001a730    000000c8     link_local_task.obj (.text:accelarometerReading)
                  2001a7f8    000000c8     link_local_task.obj (.text:prepareGetMetadata)
                  2001a8c0    000000c8     drivers_cc32xx.aem4 : SPICC32XXDMA.oem4 (.text:spiHwiFxn)
                  2001a988    000000c4                         : GPIOCC32XX.oem4 (.text:GPIO_init)
                  2001aa4c    000000c4     json_release.a : json.oem4 (.text:Json_parse)
                  2001ab10    000000c4     drivers_cc32xx.aem4 : SDHostCC32XX.oem4 (.text:SDHostCC32XX_open)
                  2001abd4    000000c4     system_task.obj (.text:parseSysData)
                  2001ac98    000000c4     freertos_builds_CC3220S_LAUNCHXL_release_ccs.lib : tasks.obj (.text:prvAddNewTaskToReadyList)
                  2001ad5c    000000c2     drivers_cc32xx.aem4 : UARTCC32XX.oem4 (.text:UARTCC32XX_write)
                  2001ae1e    00000002     --HOLE-- [fill = 0]
                  2001ae20    000000c0     simplelink.a : cc_pal.obj (.text:NwpPowerOff)
                  2001aee0    000000c0                  : netcfg.obj (.text:sl_NetCfgGet)
                  2001afa0    000000c0     freertos_builds_CC3220S_LAUNCHXL_release_ccs.lib : port.obj (.text:xPortStartScheduler)
                  2001b060    000000be                                                      : queue.obj (.text:prvCopyDataToQueue)
                  2001b11e    00000002     --HOLE-- [fill = 0]
                  2001b120    000000bd     ota_archive.obj (.text:_BundleCmdSignatureFile_Parse)
                  2001b1dd    00000003     --HOLE-- [fill = 0]
                  2001b1e0    000000bc     bme280.obj (.text:BME280_compensated_Temperature)
                  2001b29c    000000bc     simplelink.a : netapp.obj (.text:_SlNetAppSendResponse)
                  2001b358    000000bc     fatfs.a : ff.obj (.text:get_fat)
                  2001b414    000000bc     rtsv7M4_T_le_eabi.lib : open.c.obj (.text:open)
                  2001b4d0    000000bc     freertos_builds_CC3220S_LAUNCHXL_release_ccs.lib : heap_4.obj (.text:prvHeapInit)
                  2001b58c    000000bc                                                      : timers.obj (.text:prvSwitchTimerLists)
                  2001b648    000000bc     simplelink.a : sl_socket.obj (.text:sl_Send)
                  2001b704    000000bc                  : wlan.obj (.text:sl_WlanProvisioning)
                  2001b7c0    000000ba     ota_archive.obj (.text:String2Hex)
                  2001b87a    000000ba     drivers_cc32xx.aem4 : UARTCC32XX.oem4 (.text:UARTCC32XX_readPolling)
                  2001b934    000000ba     freertos_builds_CC3220S_LAUNCHXL_release_ccs.lib : portasm.obj (.text)
                  2001b9ee    00000002     --HOLE-- [fill = 0]
                  2001b9f0    000000b8     simplelink.a : netapp.obj (.text:_SlNetAppHandleAsync_DnsGetHostByName)
                  2001baa8    000000b8                  : netapp.obj (.text:_SlNetAppHandleAsync_PingResponse)
                  2001bb60    000000b8     rtsv7M4_T_le_eabi.lib : add_device.c.obj (.text:add_device)
                  2001bc18    000000b8     fatfs.a : ff.obj (.text:dir_next)
                  2001bcd0    000000b8     drivers_cc32xx.aem4 : UARTCC32XX.oem4 (.text:initHw)
                  2001bd88    000000b8     simplelink.a : device.obj (.text:sl_DeviceGet)
                  2001be40    000000b8                  : wlan.obj (.text:sl_WlanGet)
                  2001bef8    000000b8     link_local_task.obj (.text:temperatureReading)
                  2001bfb0    000000b8     freertos_builds_CC3220S_LAUNCHXL_release_ccs.lib : timer.obj (.text:timer_create)
                  2001c068    000000b8                                                      : queue.obj (.text:xQueueGenericReset)
                  2001c120    000000b6     json_release.a : parse_common.oem4 (.text:DetermineHashForNewArrayMember)
                  2001c1d6    000000b6                    : parse_common.oem4 (.text:SmIncreaseNestingIntoArray)
                  2001c28c    000000b6     drivers_cc32xx.aem4 : UARTCC32XX.oem4 (.text:readTaskCallback)
                  2001c342    00000002     --HOLE-- [fill = 0]
                  2001c344    000000b4     simplelink.a : driver.obj (.text:_SlDrvHandleFatalError)
                  2001c3f8    000000b4                  : netutil.obj (.text:_SlNetUtilHandleAsync_Cmd)
                  2001c4ac    000000b4     freertos_builds_CC3220S_LAUNCHXL_release_ccs.lib : clock.obj (.text:_clock_abstime2ticks)
                  2001c560    000000b1     rtsv7M4_T_le_eabi.lib : _printfi.c.obj (.text:_ltostr)
                  2001c611    00000003     --HOLE-- [fill = 0]
                  2001c614    000000b0     freertos_builds_CC3220S_LAUNCHXL_release_ccs.lib : tasks.obj (.text:prvAddCurrentTaskToDelayedList)
                  2001c6c4    000000b0                                                      : tasks.obj (.text:xTaskCheckForTimeOut)
                  2001c774    000000ae                                                      : queue.obj (.text:prvUnlockQueue)
                  2001c822    000000ae     drivers_cc32xx.aem4 : UARTCC32XX.oem4 (.text:readIsrTextBlocking)
                  2001c8d0    000000ac                         : CryptoCC32XX.oem4 (.text:CryptoCC32XX_open)
                  2001c97c    000000ac     provisioning_task.obj (.text:InitSimplelink)
                  2001ca28    000000ac     simplelink.a : sl_socket.obj (.text:_SlSocketHandleAsync_Close)
                  2001cad4    000000ac                  : sl_socket.obj (.text:_SlSocketHandleAsync_Connect)
                  2001cb80    000000ac     freertos_builds_CC3220S_LAUNCHXL_release_ccs.lib : clock.obj (.text:clock_gettime)
                  2001cc2c    000000ac     drivers_cc32xx.aem4 : PowerCC32XX.oem4 (.text:restoreParkedPins)
                  2001ccd8    000000aa     uart_term.obj (.text:Report)
                  2001cd82    00000002     --HOLE-- [fill = 0]
                  2001cd84    000000a8     driverlib.a : interrupt.obj (.text:IntDisable)
                  2001ce2c    000000a8                 : interrupt.obj (.text:IntEnable)
                  2001ced4    000000a8                 : prcm.obj (.text:PRCMPeripheralClockGet)
                  2001cf7c    000000a8     drivers_cc32xx.aem4 : PowerCC32XX.oem4 (.text:PowerCC32XX_configureWakeup)
                  2001d024    000000a8     json_release.a : json_engine.oem4 (.text:__JSON_Templetize)
                  2001d0cc    000000a8     fatfs.a : ffcio.obj (.text:ffcio_open)
                  2001d174    000000a8     freertos_builds_CC3220S_LAUNCHXL_release_ccs.lib : heap_4.obj (.text:prvInsertBlockIntoFreeList)
                  2001d21c    000000a8     drivers_cc32xx.aem4 : UARTCC32XX.oem4 (.text:readTaskBlocking)
                  2001d2c4    000000a8     simplelink.a : fs.obj (.text:sl_FsClose)
                  2001d36c    000000a8     freertos_builds_CC3220S_LAUNCHXL_release_ccs.lib : tasks.obj (.text:xTaskRemoveFromEventList)
                  2001d414    000000a4     ota_archive.obj (.text:OtaArchive_GetPendingCommit)
                  2001d4b8    000000a4     drivers_cc32xx.aem4 : SDHostCC32XX.oem4 (.text:SDHostCC32XX_getNumSectors)
                  2001d55c    000000a4     simplelink.a : sl_socket.obj (.text:sl_Bind)
                  2001d600    000000a2     fatfs.a : ff.obj (.text:f_unlink)
                  2001d6a2    000000a2     drivers_cc32xx.aem4 : UARTCC32XX.oem4 (.text:readIsrTextCallback)
                  2001d744    000000a2                         : UARTCC32XX.oem4 (.text:writeData)
                  2001d7e6    00000002     --HOLE-- [fill = 0]
                  2001d7e8    000000a0     freertos_builds_CC3220S_LAUNCHXL_release_ccs.lib : ClockP_freertos.obj (.text:ClockP_create)
                  2001d888    000000a0     simplelink.a : fs.obj (.text:FsGetCreateFsMode)
                  2001d928    000000a0     drivers_cc32xx.aem4 : SDHostCC32XX.oem4 (.text:SDHostCC32XX_close)
                  2001d9c8    000000a0     simplelink.a : driver.obj (.text:_SlSpawnMsgListProcess)
                  2001da68    0000009e                  : cc_pal.obj (.text:spi_Read)
                  2001db06    0000009e                  : cc_pal.obj (.text:spi_Write)
                  2001dba4    0000009c     rtsv7M4_T_le_eabi.lib : _bufread.c.obj (.text:__TI_buff_read)
                  2001dc40    0000009c     fatfs.a : ff.obj (.text:f_sync)
                  2001dcdc    0000009c     rtsv7M4_T_le_eabi.lib : fopen.c.obj (.text:fopen)
                  2001dd78    0000009c                           : memcpy_t2.asm.obj (.text)
                  2001de14    0000009c     freertos_builds_CC3220S_LAUNCHXL_release_ccs.lib : heap_4.obj (.text:vPortFree)
                  2001deb0    00000098     driverlib.a : prcm.obj (.text:PRCMHibernateCycleTrigger)
                  2001df48    00000098     drivers_cc32xx.aem4 : GPIOCC32XX.oem4 (.text:powerNotifyFxn)
                  2001dfe0    00000096     json_release.a : utils.oem4 (.text:GetCanonizedCharacter)
                  2001e076    00000096     ccs811.obj (.text:i2c_slave_write)
                  2001e10c    00000096     rtsv7M4_T_le_eabi.lib : ull_div_t2.asm.obj (.text)
                  2001e1a2    00000002     --HOLE-- [fill = 0]
                  2001e1a4    00000094     drivers_cc32xx.aem4 : ADCCC32XX.oem4 (.text:ADCCC32XX_open)
                  2001e238    00000094     json_release.a : utils.oem4 (.text:FindIndexIn_OrJustAfter_Array)
                  2001e2cc    00000094     ota_json.obj (.text:OtaJson_getSignature)
                  2001e360    00000094     simplelink.a : cc_pal.obj (.text:Semaphore_pend_handle)
                  2001e3f4    00000094     link_local_task.obj (.text:httpGetHandler)
                  2001e488    00000094     drivers_cc32xx.aem4 : SPICC32XXDMA.oem4 (.text:initHw)
                  2001e51c    00000094     freertos_builds_CC3220S_LAUNCHXL_release_ccs.lib : tasks.obj (.text:vTaskStartScheduler)
                  2001e5b0    00000092     json_release.a : parse_common.oem4 (.text:IncreaseNesting_Common)
                  2001e642    00000092     rtsv7M4_T_le_eabi.lib : fs_div_t2.asm.obj (.text)
                  2001e6d4    00000090     drivers_cc32xx.aem4 : I2CCC32XX.oem4 (.text:I2CCC32XX_transfer)
                  2001e764    00000090     provisioning_task.obj (.text:ReportError)
                  2001e7f4    00000090     simplelink.a : device.obj (.text:_SlDeviceHandleAsync_Stop)
                  2001e884    00000090                  : sl_socket.obj (.text:_SlSocketHandleAsync_Accept)
                  2001e914    00000090     drivers_cc32xx.aem4 : SDHostCC32XX.oem4 (.text:configDMAChannel)
                  2001e9a4    00000090     link_local_task.obj (.text:getDeviceSSID)
                  2001ea34    00000090     drivers_cc32xx.aem4 : PowerCC32XX.oem4 (.text:restoreNVICRegs)
                  2001eac4    00000090     simplelink.a : netapp.obj (.text:sl_NetAppSend)
                  2001eb54    0000008c     json_release.a : parse_common.oem4 (.text:SmIncorporatePropertyName)
                  2001ebe0    0000008c     simplelink.a : driver.obj (.text:_SlDrvDriverIsApiAllowed)
                  2001ec6c    0000008c     freertos_builds_CC3220S_LAUNCHXL_release_ccs.lib : clock.obj (.text:_clock_gettimeMono)
                  2001ecf8    0000008c     link_local_task.obj (.text:ccs811Reading)
                  2001ed84    0000008c     simplelink.a : sl_socket.obj (.text:sl_Recv)
                  2001ee10    0000008c     fatfs.a : ff.obj (.text:sync_fs)
                  2001ee9c    00000088     provisioning_task.obj (.text:NotifyReturnToFactoryImage)
                  2001ef24    00000088     driverlib.a : pin.obj (.text:PinConfigSet)
                  2001efac    00000088     simplelink.a : driver.obj (.text:_SlDrvProtectAsyncRespSetting)
                  2001f034    00000088     ccs811.obj (.text:ccs811_set_environmental_data)
                  2001f0bc    00000088     fatfs.a : ff.obj (.text:dir_sdi)
                  2001f144    00000088     freertos_builds_CC3220S_LAUNCHXL_release_ccs.lib : mqueue.obj (.text:mq_receive)
                  2001f1cc    00000088                                                      : timers.obj (.text:prvProcessTimerOrBlockTask)
                  2001f254    00000087     link_local_task.obj (.text:parseHttpRequestPayload)
                  2001f2db    00000001     --HOLE-- [fill = 0]
                  2001f2dc    00000086     drivers_cc32xx.aem4 : I2CCC32XX.oem4 (.text:I2CCC32XX_primeTransfer)
                  2001f362    00000086     simplelink.a : driver.obj (.text:_SlDrvIsTimeoutExpired)
                  2001f3e8    00000086     rtsv7M4_T_le_eabi.lib : fd_cmp_t2.asm.obj (.text:__aeabi_cdcmple)
                  2001f46e    00000086                           : fd_cmp_t2.asm.obj (.text:__aeabi_cdrcmple)
                  2001f4f4    00000086     freertos_builds_CC3220S_LAUNCHXL_release_ccs.lib : mqueue.obj (.text:mq_send)
                  2001f57a    00000002     --HOLE-- [fill = 0]
                  2001f57c    00000084     ota_archive.obj (.text:OtaArchive_Init)
                  2001f600    00000084     drivers_cc32xx.aem4 : PowerCC32XX.oem4 (.text:Power_init)
                  2001f684    00000084     tmp006drv.obj (.text:TMP006DrvGetTemp)
                  2001f708    00000084     out_of_box.obj (.text:pushButtonInterruptHandler2)
                  2001f78c    00000084     drivers_cc32xx.aem4 : PowerCC32XX.oem4 (.text:saveNVICRegs)
                  2001f810    00000084     simplelink.a : netcfg.obj (.text:sl_NetCfgSet)
                  2001f894    00000084                  : sl_socket.obj (.text:sl_SetSockOpt)
                  2001f918    00000084                  : wlan.obj (.text:sl_WlanSet)
                  2001f99c    00000084     freertos_builds_CC3220S_LAUNCHXL_release_ccs.lib : timers.obj (.text:xTimerGenericCommand)
                  2001fa20    00000083     link_local_task.obj (.text:httpCheckContentInDB)
                  2001faa3    00000001     --HOLE-- [fill = 0]
                  2001faa4    00000082     ccs811.obj (.text:ccs811_set_mode)
                  2001fb26    00000080     json_release.a : utils.oem4 (.text:HashPopertyPathSegment)
                  2001fba6    00000002     --HOLE-- [fill = 0]
                  2001fba8    00000080     drivers_cc32xx.aem4 : PowerCC32XX.oem4 (.text:Power_setDependency)
                  2001fc28    00000080     json_release.a : utils.oem4 (.text:ReadIntegerAndSkip)
                  2001fca8    00000080     link_local_task.obj (.text:getDeviceIpAddress)
                  2001fd28    00000080     freertos_builds_CC3220S_LAUNCHXL_release_ccs.lib : timer.obj (.text:timer_gettime)
                  2001fda8    0000007e     drivers_cc32xx.aem4 : I2CCC32XX.oem4 (.text:I2CCC32XX_cancel)
                  2001fe26    00000002     --HOLE-- [fill = 0]
                  2001fe28    0000007e     link_local_task.obj (.text:getDeviceMacAddress)
                  2001fea6    00000002     --HOLE-- [fill = 0]
                  2001fea8    0000007c     tmp006drv.obj (.text:GetRegisterValue)
                  2001ff24    0000007c     drivers_cc32xx.aem4 : I2CCC32XX.oem4 (.text:I2CCC32XX_close)
                  2001ffa0    0000007c     json_release.a : json.oem4 (.text:Json_createObject)
                  2002001c    0000007c     platform.obj (.text:Platform_TimerStart)
                  20020098    0000007c     drivers_cc32xx.aem4 : UDMACC32XX.oem4 (.text:UDMACC32XX_open)
                  20020114    0000007c     fatfs.a : ff.obj (.text:f_mount)
                  20020190    0000007c     rtsv7M4_T_le_eabi.lib : fflush.c.obj (.text:fflush)
                  2002020c    0000007c     drivers_cc32xx.aem4 : UARTCC32XX.oem4 (.text:readIsrBinaryBlocking)
                  20020288    0000007c     simplelink.a : wlan.obj (.text:sl_WlanPolicySet)
                  20020304    0000007a     freertos_builds_CC3220S_LAUNCHXL_release_ccs.lib : pthread.obj (.text:removeThreadKeys)
                  2002037e    0000007a     rtsv7M4_T_le_eabi.lib : fs_mul_t2.asm.obj (.text)
                  200203f8    0000007a                           : memset_t2.asm.obj (.text)
                  20020472    0000007a     freertos_builds_CC3220S_LAUNCHXL_release_ccs.lib : tasks.obj (.text:xTaskCreate)
                  200204ec    00000078     bma2xxdrv.obj (.text:BMA2xxReadNew)
                  20020564    00000078     drivers_cc32xx.aem4 : GPIOCC32XX.oem4 (.text:GPIO_hwiIntFxn)
                  200205dc    00000078     rtsv7M4_T_le_eabi.lib : vla_alloc.c.obj (.text:_ZN33_INTERNAL_11_vla_alloc_c_be8bd49b21free_dead_allocationsEPv)
                  20020654    00000078                           : vla_alloc.c.obj (.text:__vla_dealloc)
                  200206cc    00000078     freertos_builds_CC3220S_LAUNCHXL_release_ccs.lib : timers.obj (.text:prvInsertTimerInActiveList)
                  20020744    00000078     drivers_cc32xx.aem4 : UARTCC32XX.oem4 (.text:readIsrBinaryCallback)
                  200207bc    00000078     simplelink.a : sl_socket.obj (.text:sl_Socket)
                  20020834    00000076     ota_archive.obj (.text:OtaArchive_Rollback)
                  200208aa    00000002     --HOLE-- [fill = 0]
                  200208ac    00000074     drivers_cc32xx.aem4 : ADCCC32XX.oem4 (.text:ADCCC32XX_close)
                  20020920    00000074     link_local_task.obj (.text:BME280Reading)
                  20020994    00000074     ota_archive.obj (.text:OtaArchive_Commit)
                  20020a08    00000074     drivers_cc32xx.aem4 : UARTCC32XX.oem4 (.text:UARTCC32XX_hwiIntFxn)
                  20020a7c    00000074     rtsv7M4_T_le_eabi.lib : fclose.c.obj (.text:__TI_closefile)
                  20020af0    00000074     fatfs.a : ff.obj (.text:follow_path)
                  20020b64    00000074     link_local_task.obj (.text:httpPostHandler)
                  20020bd8    00000074     freertos_builds_CC3220S_LAUNCHXL_release_ccs.lib : tasks.obj (.text:prvInitialiseTaskLists)
                  20020c4c    00000074                                                      : pthread_mutex.obj (.text:pthread_mutex_init)
                  20020cc0    00000074                                                      : port.obj (.text:vPortValidateInterruptPriority)
                  20020d34    00000071     link_local_task.obj (.text:NetAppRequestErrorResponse)
                  20020da5    00000001     --HOLE-- [fill = 0]
                  20020da6    00000070     json_release.a : parse_common.oem4 (.text:SmDecreaseNestingAndPop)
                  20020e16    00000002     --HOLE-- [fill = 0]
                  20020e18    00000070     simplelink.a : driver.obj (.text:_SlDrvCmdSend_noLock)
                  20020e88    00000070     freertos_builds_CC3220S_LAUNCHXL_release_ccs.lib : timers.obj (.text:prvProcessExpiredTimer)
                  20020ef8    00000070     fatfs.a : ff.obj (.text:remove_chain)
                  20020f68    00000070     freertos_builds_CC3220S_LAUNCHXL_release_ccs.lib : ClockP_freertos.obj (.text:setClockObjTimeout)
                  20020fd8    0000006e     json_release.a : utils.oem4 (.text:FindLastExplicitlySpecifiedMember)
                  20021046    0000006e     rtsv7M4_T_le_eabi.lib : _printfi.c.obj (.text:_mcpy)
                  200210b4    0000006e     fatfs.a : ff.obj (.text:check_fs)
                  20021122    0000006e     rtsv7M4_T_le_eabi.lib : fd_tos_t2.asm.obj (.text)
                  20021190    0000006e                           : ll_div_t2.asm.obj (.text)
                  200211fe    00000002     --HOLE-- [fill = 0]
                  20021200    0000006c     drivers_cc32xx.aem4 : CryptoCC32XX.oem4 (.text:CryptoCC32XX_aesIntHandler)
                  2002126c    0000006c                         : CryptoCC32XX.oem4 (.text:CryptoCC32XX_shamd5IntHandler)
                  200212d8    0000006c     json_release.a : json.oem4 (.text:Json_createTemplate)
                  20021344    0000006c     ota_json.obj (.text:OtaJson_FindEndObject)
                  200213b0    0000006c     ota_json.obj (.text:OtaJson_getSha256Digest)
                  2002141c    0000006c     json_release.a : parse_common.oem4 (.text:StateMachineClick)
                  20021488    0000006c     simplelink.a : device.obj (.text:_SlDeviceHandleResetRequestInternally)
                  200214f4    0000006c                  : netapp.obj (.text:_SlNetAppSendTokenValue)
                  20021560    0000006a     freertos_builds_CC3220S_LAUNCHXL_release_ccs.lib : queue.obj (.text:xQueueGenericCreate)
                  200215ca    00000068     json_release.a : parse_common.oem4 (.text:AdjustNumberToTemplate)
                  20021632    00000068                    : parse_common.oem4 (.text:FindInDictionary_AndSkip)
                  2002169a    00000002     --HOLE-- [fill = 0]
                  2002169c    00000068     rtsv7M4_T_le_eabi.lib : hostlseek.c.obj (.text:HOSTlseek)
                  20021704    00000068                           : hostrename.c.obj (.text:HOSTrename)
                  2002176c    00000068     simplelink.a : driver.obj (.text:_SlSpawnMsgListGetCount)
                  200217d4    00000068     freertos_builds_CC3220S_LAUNCHXL_release_ccs.lib : clock.obj (.text:clock_settime)
                  2002183c    00000068     rtsv7M4_T_le_eabi.lib : copy_decompress_lzss.c.obj (.text:decompress:lzss:__TI_decompress_lzss)
                  200218a4    00000068     drivers_cc32xx.aem4 : I2CCC32XX.oem4 (.text:initHw)
                  2002190c    00000068     main_freertos.obj (.text:main)
                  20021974    00000068     simplelink.a : cc_pal.obj (.text:spi_Open)
                  200219dc    00000067     system_task.obj (.text:fatfs_getFatTime)
                  20021a43    00000001     --HOLE-- [fill = 0]
                  20021a44    00000066     ota_archive.obj (.text:OtaArchive_ParseOctec)
                  20021aaa    00000066     json_release.a : parse_common.oem4 (.text:PrepareRawString)
                  20021b10    00000066     driverlib.a : shamd5.obj (.text:SHAMD5ResultWrite)
                  20021b76    00000066     json_release.a : utils.oem4 (.text:SkipPropertyTableEntry)
                  20021bdc    00000066     drivers_cc32xx.aem4 : UARTCC32XX.oem4 (.text:UARTCC32XX_writeCancel)
                  20021c42    00000066     freertos_builds_CC3220S_LAUNCHXL_release_ccs.lib : memory.obj (.text:realloc)
                  20021ca8    00000066                                                      : list.obj (.text:vListInsert)
                  20021d0e    00000002     --HOLE-- [fill = 0]
                  20021d10    00000064     drivers_cc32xx.aem4 : ADCCC32XX.oem4 (.text:ADCCC32XX_convert)
                  20021d74    00000064     freertos_builds_CC3220S_LAUNCHXL_release_ccs.lib : ClockP_freertos.obj (.text:ClockP_stop)
                  20021dd8    00000064     drivers_cc32xx.aem4 : GPIOCC32XX.oem4 (.text:GPIO_toggle)
                  20021e3c    00000064     ota_json.obj (.text:OtaJson_getFilename)
                  20021ea0    00000064     drivers_cc32xx.aem4 : PowerCC32XX.oem4 (.text:PowerCC32XX_setParkState)
                  20021f04    00000064     freertos_builds_CC3220S_LAUNCHXL_release_ccs.lib : pthread_mutex.obj (.text:acquireMutex)
                  20021f68    00000064     rtsv7M4_T_le_eabi.lib : fseek.c.obj (.text:fseek)
                  20021fcc    00000064     link_local_task.obj (.text:oxySensorReading)
                  20022030    00000064     freertos_builds_CC3220S_LAUNCHXL_release_ccs.lib : tasks.obj (.text:prvGetExpectedIdleTime)
                  20022094    00000062     drivers_cc32xx.aem4 : UARTCC32XX.oem4 (.text:UARTCC32XX_writePolling)
                  200220f6    00000062     rtsv7M4_T_le_eabi.lib : _io_perm.c.obj (.text:__TI_wrt_ok)
                  20022158    00000060                           : hostopen.c.obj (.text:HOSTopen)
                  200221b8    00000060     freertos_builds_CC3220S_LAUNCHXL_release_ccs.lib : HwiPCC32XX_freertos.obj (.text:HwiP_create)
                  20022218    00000060     driverlib.a : prcm.obj (.text:PRCMSysResetCauseGet)
                  20022278    00000060     rtsv7M4_T_le_eabi.lib : fs_cmp_t2.asm.obj (.text:__aeabi_cfrcmple)
                  200222d8    00000060     freertos_builds_CC3220S_LAUNCHXL_release_ccs.lib : pthread_mutex.obj (.text:pthread_mutex_unlock)
                  20022338    0000005e                                                      : semaphore.obj (.text:sem_timedwait)
                  20022396    00000002     --HOLE-- [fill = 0]
                  20022398    0000005c     drivers_cc32xx.aem4 : CryptoCC32XX.oem4 (.text:CryptoCC32XX_desIntHandler)
                  200223f4    0000005c     ota_json.obj (.text:OtaJson_destroy)
                  20022450    0000005c     simplelink.a : spawn.obj (.text:_SlInternalSpawn)
                  200224ac    0000005c     rtsv7M4_T_le_eabi.lib : close.c.obj (.text:close)
                  20022508    0000005c                           : s_frexp.c.obj (.text:frexp)
                  20022564    0000005c     freertos_builds_CC3220S_LAUNCHXL_release_ccs.lib : tasks.obj (.text:prvIdleTask)
                  200225c0    0000005c                                                      : pthread.obj (.text:pthread_exit)
                  2002261c    0000005c                                                      : queue.obj (.text:vQueueWaitForMessageRestricted)
                  20022678    0000005c                                                      : tasks.obj (.text:vTaskDelay)
                  200226d4    0000005a     fatfs.a : ff.obj (.text:dir_read)
                  2002272e    0000005a     freertos_builds_CC3220S_LAUNCHXL_release_ccs.lib : timers.obj (.text:prvInitialiseNewTimer)
                  20022788    00000058     drivers_cc32xx.aem4 : GPIOCC32XX.oem4 (.text:GPIO_setCallback)
                  200227e0    00000058                         : GPIOCC32XX.oem4 (.text:GPIO_write)
                  20022838    00000058     rtsv7M4_T_le_eabi.lib : hostread.c.obj (.text:HOSTread)
                  20022890    00000058                           : hostwrite.c.obj (.text:HOSTwrite)
                  200228e8    00000058     driverlib.a : interrupt.obj (.text:IntPendClear)
                  20022940    00000058                 : prcm.obj (.text:PRCMPeripheralReset)
                  20022998    00000058     drivers_cc32xx.aem4 : PowerCC32XX.oem4 (.text:Power_releaseDependency)
                  200229f0    00000058     provisioning_task.obj (.text:ReportSM)
                  20022a48    00000058     simplelink.a : sl_socket.obj (.text:_SlDrvClearCtrlSocket)
                  20022aa0    00000058     ccs811.obj (.text:ccs811_reg_read)
                  20022af8    00000058     freertos_builds_CC3220S_LAUNCHXL_release_ccs.lib : tasks.obj (.text:eTaskConfirmSleepModeStatus)
                  20022b50    00000058     provisioning_task.obj (.text:provisioningInit)
                  20022ba8    00000058     drivers_cc32xx.aem4 : SDHostCC32XX.oem4 (.text:send_cmd)
                  20022c00    00000058     simplelink.a : sl_socket.obj (.text:sl_Listen)
                  20022c58    00000058     freertos_builds_CC3220S_LAUNCHXL_release_ccs.lib : port.obj (.text:vPortSetupTimerInterrupt)
                  20022cb0    00000058                                                      : queue.obj (.text:xQueueCreateCountingSemaphore)
                  20022d08    00000058                                                      : queue.obj (.text:xQueueTakeMutexRecursive)
                  20022d60    00000056                                                      : SemaphoreP_freertos.obj (.text:SemaphoreP_create)
                  20022db6    00000056     rtsv7M4_T_le_eabi.lib : _printfi.c.obj (.text:_pconv_f)
                  20022e0c    00000054     freertos_builds_CC3220S_LAUNCHXL_release_ccs.lib : ClockP_freertos.obj (.text:ClockP_delete)
                  20022e60    00000054     json_release.a : parse_common.oem4 (.text:IncorporateValue_Common_Template)
                  20022eb4    00000054     uart_term.obj (.text:InitTerm)
                  20022f08    00000054     driverlib.a : interrupt.obj (.text:IntPrioritySet)
                  20022f5c    00000054     ota_json.obj (.text:OtaJson_getBundleField)
                  20022fb0    00000054     ota_json.obj (.text:OtaJson_getCertificate)
                  20023004    00000054     ota_json.obj (.text:OtaJson_getSecureField)
                  20023058    00000054     simplelink.a : driver.obj (.text:_SlDrvRxIrqHandler)
                  200230ac    00000054     ccs811.obj (.text:ccs811_reg_write)
                  20023100    00000054     fatfs.a : ff.obj (.text:dir_find)
                  20023154    00000054     ccs811.obj (.text:i2c_slave_read)
                  200231a8    00000054     rtsv7M4_T_le_eabi.lib : ltoa.c.obj (.text:ltoa)
                  200231fc    00000054     drivers_cc32xx.aem4 : UARTCC32XX.oem4 (.text:ringBufGet)
                  20023250    00000054     freertos_builds_CC3220S_LAUNCHXL_release_ccs.lib : timers.obj (.text:xTimerCreateTimerTask)
                  200232a4    00000052     json_release.a : utils.oem4 (.text:IncreaseNestingAccordingToEntry)
                  200232f6    00000052     drivers_cc32xx.aem4 : PowerCC32XX_asm.oem4 (.text:PowerCC32XX_resumeLPDS)
                  20023348    00000052     driverlib.a : shamd5.obj (.text:SHAMD5ConfigSet)
                  2002339a    00000052     rtsv7M4_T_le_eabi.lib : _printfi.c.obj (.text:_ecpy)
                  200233ec    00000052     fatfs.a : ff.obj (.text:dir_clear)
                  2002343e    00000050     drivers_cc32xx.aem4 : I2CCC32XX.oem4 (.text:I2CCC32XX_completeTransfer)
                  2002348e    00000002     --HOLE-- [fill = 0]
                  20023490    00000050     simplelink.a : cc_pal.obj (.text:NwpRegisterInterruptHandler)
                  200234e0    00000050     driverlib.a : prcm.obj (.text:PRCMOCRRegisterWrite)
                  20023530    00000050     ota_archive.obj (.text:_BundleCmdFile_GetInfoByFileName)
                  20023580    00000050     simplelink.a : driver.obj (.text:_SlDrvCmdSend_noWait)
                  200235d0    00000050                  : driver.obj (.text:_SlDrvUpdateApiInProgress)
                  20023620    00000050                  : spawn.obj (.text:_SlInternalSpawnTaskEntry)
                  20023670    00000050                  : eventreg.obj (.text:_SlNetAppHttpServerHdlr)
                  200236c0    00000050                  : eventreg.obj (.text:_SlNetAppRequestHdlr)
                  20023710    00000050     link_local_task.obj (.text:convertHeaderType2Text)
                  20023760    00000050     link_local_task.obj (.text:preparePostMetadata)
                  200237b0    00000050     freertos_builds_CC3220S_LAUNCHXL_release_ccs.lib : port.obj (.text:pxPortInitialiseStack)
                  20023800    00000050                                                      : semaphore.obj (.text:sem_init)
                  20023850    00000050                                                      : queue.obj (.text:xQueueGiveMutexRecursive)
                  200238a0    0000004c     bme280.obj (.text:BME280_writeReg)
                  200238ec    0000004c     system_task.obj (.text:Establish_Connection)
                  20023938    0000004c     drivers_cc32xx.aem4 : GPIOCC32XX.oem4 (.text:GPIO_disableInt)
                  20023984    0000004c                         : GPIOCC32XX.oem4 (.text:GPIO_enableInt)
                  200239d0    0000004c     simplelink.a : cc_pal.obj (.text:NwpWaitForShutDownInd)
                  20023a1c    0000004c     ota_archive.obj (.text:OtaArchive_Abort)
                  20023a68    0000004c     drivers_cc32xx.aem4 : PowerCC32XX.oem4 (.text:PowerCC32XX_parkPin)
                  20023ab4    0000004c     rtsv7M4_T_le_eabi.lib : fflush.c.obj (.text:__TI_doflush)
                  20023b00    0000004c                           : atoi.c.obj (.text:atoi)
                  20023b4c    0000004c                           : atol.c.obj (.text:atol)
                  20023b98    0000004c     freertos_builds_CC3220S_LAUNCHXL_release_ccs.lib : startup_cc32xx_ccs.obj (.text:initVectors)
                  20023be4    0000004c                                                      : timers.obj (.text:prvCheckForValidListAndQueue)
                  20023c30    0000004c                                                      : tasks.obj (.text:prvCheckTasksWaitingTermination)
                  20023c7c    0000004c     drivers_cc32xx.aem4 : PowerCC32XX.oem4 (.text:restorePeriphClocks)
                  20023cc8    0000004c                         : SDHostCC32XX.oem4 (.text:selectCard)
                  20023d14    0000004c     simplelink.a : netapp.obj (.text:sl_NetAppMDNSUnRegisterService)
                  20023d60    0000004c                  : wlan.obj (.text:sl_WlanProfileDel)
                  20023dac    0000004c                  : wlan.obj (.text:sl_WlanSetMode)
                  20023df8    0000004c     rtsv7M4_T_le_eabi.lib : snprintf.c.obj (.text:snprintf)
                  20023e44    0000004c     freertos_builds_CC3220S_LAUNCHXL_release_ccs.lib : port.obj (.text:vPortEnterCritical)
                  20023e90    0000004a     bma2xxdrv.obj (.text:BlockRead)
                  20023eda    0000004a     driverlib.a : shamd5.obj (.text:SHAMD5DataWrite)
                  20023f24    0000004a     rtsv7M4_T_le_eabi.lib : _io_perm.c.obj (.text:__TI_rd_ok)
                  20023f6e    0000004a     fatfs.a : ff.obj (.text:validate)
                  20023fb8    00000048     bme280.obj (.text:BME280_readReg)
                  20024000    00000048     json_release.a : utils.oem4 (.text:DetermineValueSize)
                  20024048    00000048     driverlib.a : flash.obj (.text:FlashDisable)
                  20024090    00000048     freertos_builds_CC3220S_LAUNCHXL_release_ccs.lib : HwiPCC32XX_freertos.obj (.text:HwiP_dispatch)
                  200240d8    00000048     driverlib.a : prcm.obj (.text:PRCMLPDSEnter)
                  20024120    00000048                 : prcm.obj (.text:PRCMPeripheralClkEnable)
                  20024168    00000048     drivers_cc32xx.aem4 : PowerCC32XX.oem4 (.text:Power_releaseConstraint)
                  200241b0    00000048     simplelink.a : eventreg.obj (.text:_SlDeviceFatalErrorEvtHdlr)
                  200241f8    00000048                  : eventreg.obj (.text:_SlDeviceGeneralEvtHdlr)
                  20024240    00000048                  : driver.obj (.text:_SlDrvSyncObjWaitTimeout)
                  20024288    00000048                  : eventreg.obj (.text:_SlNetAppEvtHdlr)
                  200242d0    00000048                  : eventreg.obj (.text:_SlNetAppRequestMemFree)
                  20024318    00000048                  : eventreg.obj (.text:_SlSockEvtHdlr)
                  20024360    00000048                  : eventreg.obj (.text:_SlWlanEvtHdlr)
                  200243a8    00000048     rtsv7M4_T_le_eabi.lib : exit.c.obj (.text:exit)
                  200243f0    00000048     link_local_task.obj (.text:otaFlushNetappReq)
                  20024438    00000048     rtsv7M4_T_le_eabi.lib : fd_toi_t2.asm.obj (.text)
                  20024480    00000048     freertos_builds_CC3220S_LAUNCHXL_release_ccs.lib : list.obj (.text:uxListRemove)
                  200244c8    00000046     drivers_cc32xx.aem4 : RingBuf.oem4 (.text:RingBuf_put)
                  2002450e    00000046     fatfs.a : ff.obj (.text:dir_alloc)
                  20024554    00000044     drivers_cc32xx.aem4 : ADC.oem4 (.text:ADC_init)
                  20024598    00000044     rtsv7M4_T_le_eabi.lib : hostclose.c.obj (.text:HOSTclose)
                  200245dc    00000044                           : hostunlink.c.obj (.text:HOSTunlink)
                  20024620    00000044     drivers_cc32xx.aem4 : I2C.oem4 (.text:I2C_init)
                  20024664    00000044     driverlib.a : prcm.obj (.text:PRCMLPDSRestoreInfoSet)
                  200246a8    00000044     drivers_cc32xx.aem4 : PowerCC32XX_asm.oem4 (.text:PowerCC32XX_enterLPDS)
                  200246ec    00000044                         : SDFatFS.oem4 (.text:SDFatFS_init)
                  20024730    00000044                         : SD.oem4 (.text:SD_init)
                  20024774    00000044                         : SPI.oem4 (.text:SPI_init)
                  200247b8    00000044     out_of_box.obj (.text:SimpleLinkHttpServerEventHandler)
                  200247fc    00000044     drivers_cc32xx.aem4 : UART.oem4 (.text:UART_init)
                  20024840    00000044     rtsv7M4_T_le_eabi.lib : autoinit.c.obj (.text:__TI_auto_init_nobinit_nopinit:__TI_auto_init_nobinit_nopinit)
                  20024884    00000044     fatfs.a : ff.obj (.text:get_ldnumber)
                  200248c8    00000044     rtsv7M4_T_le_eabi.lib : getdevice.c.obj (.text:getdevice)
                  2002490c    00000044     freertos_builds_CC3220S_LAUNCHXL_release_ccs.lib : queue.obj (.text:prvInitialiseNewQueue)
                  20024950    00000044     rtsv7M4_T_le_eabi.lib : fd_tou_t2.asm.obj (.text)
                  20024994    00000044     fatfs.a : ff.obj (.text:sync_window)
                  200249d8    00000044     freertos_builds_CC3220S_LAUNCHXL_release_ccs.lib : tasks.obj (.text:vTaskStepTick)
                  20024a1c    00000042     ota_archive.obj (.text:OtaArchive_GetCurrentVersion)
                  20024a5e    00000042     freertos_builds_CC3220S_LAUNCHXL_release_ccs.lib : memory.obj (.text:malloc)
                  20024aa0    00000040     simplelink.a : sl_socket.obj (.text:CountSetBits)
                  20024ae0    00000040     driverlib.a : pin.obj (.text:PinModeSet)
                  20024b20    00000040     drivers_cc32xx.aem4 : RingBuf.oem4 (.text:RingBuf_get)
                  20024b60    00000040                         : UARTCC32XX.oem4 (.text:UARTCC32XX_read)
                  20024ba0    00000040                         : UDMACC32XX.oem4 (.text:UDMACC32XX_init)
                  20024be0    00000040     simplelink.a : driver.obj (.text:_SlDrvCmdSend)
                  20024c20    00000040                  : driver.obj (.text:_SlDrvGlobalObjUnLock)
                  20024c60    00000040                  : driver.obj (.text:_SlFindAndReleasePendingCmd)
                  20024ca0    00000040                  : spawn.obj (.text:_SlInternalSpawnWaitForEvent)
                  20024ce0    00000040                  : eventreg.obj (.text:_SlIsEventRegistered)
                  20024d20    00000040     rtsv7M4_T_le_eabi.lib : u_divt2.asm.obj (.text)
                  20024d60    00000040                           : sprintf.c.obj (.text:sprintf)
                  20024da0    00000040                           : strtok.c.obj (.text:strtok)
                  20024de0    00000040     freertos_builds_CC3220S_LAUNCHXL_release_ccs.lib : tasks.obj (.text:vTaskPlaceOnEventListRestricted)
                  20024e20    00000040     rtsv7M4_T_le_eabi.lib : vsnprintf.c.obj (.text:vsnprintf)
                  20024e60    0000003e     freertos_builds_CC3220S_LAUNCHXL_release_ccs.lib : ClockP_freertos.obj (.text:ClockP_callbackFxn)
                  20024e9e    0000003e     json_release.a : json_engine.oem4 (.text:FoundDuplicateHash)
                  20024edc    0000003e                    : parse_common.oem4 (.text:SmAddDefaultArrayValue_DecreaseNestingAndPop)
                  20024f1a    0000003e     ota_json.obj (.text:Str_FindChar)
                  20024f58    0000003e     simplelink.a : sl_socket.obj (.text:_SlSocketBuildAddress)
                  20024f96    0000003e     json_release.a : json_engine.oem4 (.text:__JSON_Parse)
                  20024fd4    0000003e     rtsv7M4_T_le_eabi.lib : _printfi.c.obj (.text:_fcpy)
                  20025012    0000003e     freertos_builds_CC3220S_LAUNCHXL_release_ccs.lib : pthread.obj (.text:pthread_setcancelstate)
                  20025050    0000003e                                                      : semaphore.obj (.text:sem_post)
                  2002508e    00000002     --HOLE-- [fill = 0]
                  20025090    0000003c     drivers_cc32xx.aem4 : ADC.oem4 (.text:ADC_open)
                  200250cc    0000003c                         : I2C.oem4 (.text:I2C_open)
                  20025108    0000003c     json_release.a : utils.oem4 (.text:InterpretUnicodeHex)
                  20025144    0000003c                    : json.oem4 (.text:Json_getValue)
                  20025180    0000003c     ota_archive.obj (.text:OtaArchive_CheckEndOfArchive)
                  200251bc    0000003c     driverlib.a : prcm.obj (.text:PRCMSlowClkCtrFastGet)
                  200251f8    0000003c     drivers_cc32xx.aem4 : PowerCC32XX.oem4 (.text:Power_setConstraint)
                  20025234    0000003c                         : SDFatFS.oem4 (.text:SDFatFS_diskIOctrl)
                  20025270    0000003c                         : SD.oem4 (.text:SD_open)
                  200252ac    0000003c                         : SPI.oem4 (.text:SPI_open)
                  200252e8    0000003c                         : UART.oem4 (.text:UART_open)
                  20025324    0000003c     simplelink.a : netapp.obj (.text:_SlNetAppCopyPingResultsToReport)
                  20025360    0000003c     bme280.obj (.text:_bme280_compute_H4)
                  2002539c    0000003c     freertos_builds_CC3220S_LAUNCHXL_release_ccs.lib : queue.obj (.text:prvCopyDataFromQueue)
                  200253d8    0000003c                                                      : tasks.obj (.text:prvResetNextTaskUnblockTime)
                  20025414    0000003c                                                      : tasks.obj (.text:pvTaskGetThreadLocalStoragePointer)
                  20025450    0000003c     system_task.obj (.text:sched_GreaterThan)
                  2002548c    0000003c     system_task.obj (.text:sched_GreaterThan_Time)
                  200254c8    0000003c     simplelink.a : sl_socket.obj (.text:sl_Htons)
                  20025504    0000003c     rtsv7M4_T_le_eabi.lib : strncasecmp.c.obj (.text:strncasecmp)
                  20025540    0000003c     freertos_builds_CC3220S_LAUNCHXL_release_ccs.lib : timer.obj (.text:timespecToTicks)
                  2002557c    0000003c                                                      : sleep.obj (.text:usleep)
                  200255b8    0000003c                                                      : list.obj (.text:vListInsertEnd)
                  200255f4    0000003a     json_release.a : utils.oem4 (.text:UpdateHashAndArrayIndex)
                  2002562e    0000003a     bme280.obj (.text:_bme280_compute_H5)
                  20025668    0000003a     bme280.obj (.text:_bme280_compute_S16LE)
                  200256a2    0000003a     bme280.obj (.text:_bme280_compute_U16LE)
                  200256dc    0000003a     freertos_builds_CC3220S_LAUNCHXL_release_ccs.lib : timer.obj (.text:callbackFxn)
                  20025716    0000003a     ccs811.obj (.text:ccs811_is_available)
                  20025750    0000003a     fatfs.a : ff.obj (.text:dir_register)
                  2002578a    00000002     --HOLE-- [fill = 0]
                  2002578c    00000038     drivers_cc32xx.aem4 : GPIOCC32XX.oem4 (.text:GPIO_read)
                  200257c4    00000038     driverlib.a : prcm.obj (.text:PRCMLPDSEnterKeepDebugIf)
                  200257fc    00000038                 : prcm.obj (.text:PRCMOCRRegisterRead)
                  20025834    00000038     drivers_cc32xx.aem4 : SDFatFS.oem4 (.text:SDFatFS_close)
                  2002586c    00000038     rtsv7M4_T_le_eabi.lib : trgmsg.c.obj (.text:__TI_writemsg)
                  200258a4    00000038     out_of_box.obj (.text:mcuReboot)
                  200258dc    00000038     drivers_cc32xx.aem4 : PowerCC32XX.oem4 (.text:notify)
                  20025914    00000038     freertos_builds_CC3220S_LAUNCHXL_release_ccs.lib : timers.obj (.text:prvGetNextExpireTime)
                  2002594c    00000038                                                      : port.obj (.text:prvTaskExitError)
                  20025984    00000038     rtsv7M4_T_le_eabi.lib : fs_tod_t2.asm.obj (.text)
                  200259bc    00000038                           : fs_toi_t2.asm.obj (.text)
                  200259f4    00000038                           : i_tofs_t2.asm.obj (.text)
                  20025a2c    00000038     link_local_task.obj (.text:setElementType)
                  20025a64    00000036     ota_json.obj (.text:OtaJson_SkipAllSpaces)
                  20025a9a    00000036     drivers_cc32xx.aem4 : UARTCC32XX.oem4 (.text:UARTCC32XX_readCancel)
                  20025ad0    00000036     fatfs.a : ff.obj (.text:move_window)
                  20025b06    00000036     rtsv7M4_T_le_eabi.lib : strncpy.c.obj (.text:strncpy)
                  20025b3c    00000034     out_of_box.obj (.text:InitializeAppVariables)
                  20025b70    00000034     driverlib.a : pin.obj (.text:PinModeGet)
                  20025ba4    00000034     drivers_cc32xx.aem4 : PowerCC32XX.oem4 (.text:PowerCC32XX_restoreParkState)
                  20025bd8    00000034     freertos_builds_CC3220S_LAUNCHXL_release_ccs.lib : SemaphoreP_freertos.obj (.text:SemaphoreP_pend)
                  20025c0c    00000034     drivers_cc32xx.aem4 : UDMACC32XX.oem4 (.text:UDMACC32XX_close)
                  20025c40    00000034     rtsv7M4_T_le_eabi.lib : fopen.c.obj (.text:__TI_cleanup)
                  20025c74    00000034                           : trgmsg.c.obj (.text:__TI_readmsg)
                  20025ca8    00000034     fatfs.a : ffcio.obj (.text:ffcio_lseek)
                  20025cdc    00000034     freertos_builds_CC3220S_LAUNCHXL_release_ccs.lib : mqueue.obj (.text:findInList)
                  20025d10    00000034                                                      : timers.obj (.text:prvSampleTimeNow)
                  20025d44    00000034     rtsv7M4_T_le_eabi.lib : strstr.c.obj (.text:strstr)
                  20025d78    00000034     freertos_builds_CC3220S_LAUNCHXL_release_ccs.lib : tasks.obj (.text:vTaskPlaceOnEventList)
                  20025dac    00000034                                                      : tasks.obj (.text:vTaskSetThreadLocalStoragePointer)
                  20025de0    00000034                                                      : timers.obj (.text:xTimerCreate)
                  20025e14    00000032     drivers_cc32xx.aem4 : CryptoCC32XX.oem4 (.text:CryptoCC32XX_close)
                  20025e46    00000002     --HOLE-- [fill = 0]
                  20025e48    00000030     json_release.a : json.oem4 (.text:Json_destroyObject)
                  20025e78    00000030                    : json.oem4 (.text:Json_destroyTemplate)
                  20025ea8    00000030     drivers_cc32xx.aem4 : PowerCC32XX.oem4 (.text:PowerCC32XX_restoreParkedPin)
                  20025ed8    00000030     json_release.a : parse_common.oem4 (.text:SmIncreaseNestingIntoObject)
                  20025f08    00000030     simplelink.a : fs.obj (.text:_SlFsStrlen)
                  20025f38    00000030     rtsv7M4_T_le_eabi.lib : snprintf.c.obj (.text:_outs)
                  20025f68    00000030                           : vsnprintf.c.obj (.text:_outs)
                  20025f98    00000030                           : getdevice.c.obj (.text:finddevice)
                  20025fc8    00000030     out_of_box.obj (.text:printBorder)
                  20025ff8    00000030     freertos_builds_CC3220S_LAUNCHXL_release_ccs.lib : list.obj (.text:vListInitialise)
                  20026028    00000030                                                      : port.obj (.text:vPortExitCritical)
                  20026058    00000030                                                      : tasks.obj (.text:xTaskGetSchedulerState)
                  20026088    0000002e     simplelink.a : cc_pal.obj (.text:Mutex_create_handle)
                  200260b6    0000002e     driverlib.a : shamd5.obj (.text:SHAMD5HMACKeySet)
                  200260e4    0000002e     freertos_builds_CC3220S_LAUNCHXL_release_ccs.lib : timers.obj (.text:pvTimerGetTimerID)
                  20026112    0000002e     rtsv7M4_T_le_eabi.lib : i_tofd_t2.asm.obj (.text)
                  20026140    0000002c     drivers_cc32xx.aem4 : GPIOCC32XX.oem4 (.text:GPIO_clearInt)
                  2002616c    0000002c     json_release.a : json_engine.oem4 (.text:GetString)
                  20026198    0000002c     freertos_builds_CC3220S_LAUNCHXL_release_ccs.lib : HwiPCC32XX_freertos.obj (.text:HwiP_disable)
                  200261c4    0000002c     json_release.a : parse_common.oem4 (.text:IsRawTypeExpected)
                  200261f0    0000002c     simplelink.a : cc_pal.obj (.text:NwpPowerOn)
                  2002621c    0000002c     driverlib.a : prcm.obj (.text:PRCMLPDSIntervalSet)
                  20026248    0000002c     drivers_cc32xx.aem4 : PowerCC32XX.oem4 (.text:PowerCC32XX_getParkState)
                  20026274    0000002c                         : SDFatFS.oem4 (.text:SDFatFS_diskRead)
                  200262a0    0000002c                         : SDFatFS.oem4 (.text:SDFatFS_diskWrite)
                  200262cc    0000002c     freertos_builds_CC3220S_LAUNCHXL_release_ccs.lib : SemaphoreP_freertos.obj (.text:SemaphoreP_createBinary)
                  200262f8    0000002c     simplelink.a : driver.obj (.text:_SlDrvSyncObjWaitForever)
                  20026324    0000002c     fatfs.a : diskio.obj (.text:disk_register)
                  20026350    0000002c     rtsv7M4_T_le_eabi.lib : fclose.c.obj (.text:fclose)
                  2002637c    0000002c     freertos_builds_CC3220S_LAUNCHXL_release_ccs.lib : pthread_mutex.obj (.text:pthread_mutexattr_settype)
                  200263a8    0000002c     rtsv7M4_T_le_eabi.lib : strncmp.c.obj (.text:strncmp)
                  200263d4    0000002c                           : unlink.c.obj (.text:unlink)
                  20026400    0000002c     freertos_builds_CC3220S_LAUNCHXL_release_ccs.lib : tasks.obj (.text:vTaskSetApplicationTaskTag)
                  2002642c    0000002c                                                      : port.obj (.text:xPortSysTickHandler)
                  20026458    0000002c                                                      : queue.obj (.text:xQueueCreateMutex)
                  20026484    0000002c                                                      : tasks.obj (.text:xTaskGetApplicationTaskTag)
                  200264b0    0000002a     json_release.a : utils.oem4 (.text:NextHash)
                  200264da    0000002a     freertos_builds_CC3220S_LAUNCHXL_release_ccs.lib : queue.obj (.text:prvInitialiseMutex)
                  20026504    0000002a     rtsv7M4_T_le_eabi.lib : strspn.c.obj (.text:strspn)
                  2002652e    0000002a     freertos_builds_CC3220S_LAUNCHXL_release_ccs.lib : queue.obj (.text:uxQueueMessagesWaiting)
                  20026558    0000002a                                                      : timers.obj (.text:xTimerGetExpiryTime)
                  20026582    00000028     drivers_cc32xx.aem4 : CryptoCC32XX.oem4 (.text:CryptoCC32XX_register)
                  200265aa    00000002     --HOLE-- [fill = 0]
                  200265ac    00000028     freertos_builds_CC3220S_LAUNCHXL_release_ccs.lib : HwiPCC32XX_freertos.obj (.text:HwiP_inISR)
                  200265d4    00000028     json_release.a : utils.oem4 (.text:IsIntermediateSubsegment)
                  200265fc    00000028     driverlib.a : prcm.obj (.text:PRCMLPDSWakeupSourceEnable)
                  20026624    00000028                 : prcm.obj (.text:PRCMPeripheralClkDisable)
                  2002664c    00000028     platform.obj (.text:Platform_TimerStop)
                  20026674    00000028     drivers_cc32xx.aem4 : PowerCC32XX.oem4 (.text:Power_registerNotify)
                  2002669c    00000028     provisioning_task.obj (.text:SignalProvisioningEvent)
                  200266c4    00000028     provisioning_task.obj (.text:StartAsyncEvtTimer)
                  200266ec    00000028     provisioning_task.obj (.text:StartLedEvtTimer)
                  20026714    00000028     provisioning_task.obj (.text:StopAsyncEvtTimer)
                  2002673c    00000028     provisioning_task.obj (.text:StopLedEvtTimer)
                  20026764    00000028     simplelink.a : driver.obj (.text:_SlDrvProtectionObjLockWaitForever)
                  2002678c    00000028                  : driver.obj (.text:_SlDrvProtectionObjUnLock)
                  200267b4    00000028                  : flowcont.obj (.text:_SlFlowContSet)
                  200267dc    00000028     rtsv7M4_T_le_eabi.lib : boot_cortex_m.c.obj (.text:_c_int00_noargs:_c_int00_noargs)
                  20026804    00000028     fatfs.a : diskio.obj (.text:disk_unregister)
                  2002682c    00000028             : ff.obj (.text:ld_clust)
                  20026854    00000028     rtsv7M4_T_le_eabi.lib : lseek.c.obj (.text:lseek)
                  2002687c    00000028     freertos_builds_CC3220S_LAUNCHXL_release_ccs.lib : pthread.obj (.text:pthread_attr_setschedparam)
                  200268a4    00000028     rtsv7M4_T_le_eabi.lib : read.c.obj (.text:read)
                  200268cc    00000028     freertos_builds_CC3220S_LAUNCHXL_release_ccs.lib : clock.obj (.text:time)
                  200268f4    00000028     rtsv7M4_T_le_eabi.lib : write.c.obj (.text:write)
                  2002691c    00000026     drivers_cc32xx.aem4 : List.oem4 (.text:List_put)
                  20026942    00000026                         : List.oem4 (.text:List_remove)
                  20026968    00000026     driverlib.a : sdhost.obj (.text:SDHostDataNonBlockingRead)
                  2002698e    00000026     freertos_builds_CC3220S_LAUNCHXL_release_ccs.lib : pthread.obj (.text:_pthread_cleanup_pop)
                  200269b4    00000026     fatfs.a : ff.obj (.text:f_close)
                  200269da    00000026     freertos_builds_CC3220S_LAUNCHXL_release_ccs.lib : queue.obj (.text:prvIsQueueFull)
                  20026a00    00000024     bme280.obj (.text:BME280_init)
                  20026a24    00000024     bme280.obj (.text:BME280_read)
                  20026a48    00000024     driverlib.a : interrupt.obj (.text:IntUnregister)
                  20026a6c    00000024     drivers_cc32xx.aem4 : PowerCC32XX.oem4 (.text:PowerCC32XX_reset)
                  20026a90    00000024                         : SDFatFS.oem4 (.text:SDFatFS_diskInitialize)
                  20026ab4    00000024     simplelink.a : driver.obj (.text:_SlDrvIsApiInProgress)
                  20026ad8    00000024                  : driver.obj (.text:_SlDrvStartMeasureTimeout)
                  20026afc    00000024     fatfs.a : diskio.obj (.text:disk_ioctl)
                  20026b20    00000024             : diskio.obj (.text:disk_read)
                  20026b44    00000024     rtsv7M4_T_le_eabi.lib : memcmp.c.obj (.text:memcmp)
                  20026b68    00000024                           : memmov.c.obj (.text:memmove)
                  20026b8c    00000024     freertos_builds_CC3220S_LAUNCHXL_release_ccs.lib : queue.obj (.text:prvGetDisinheritPriorityAfterTimeout)
                  20026bb0    00000024     rtsv7M4_T_le_eabi.lib : u_tofs_t2.asm.obj (.text)
                  20026bd4    00000024     freertos_builds_CC3220S_LAUNCHXL_release_ccs.lib : semaphore.obj (.text:sem_getvalue)
                  20026bf8    00000024     json_release.a : json.oem4 (.text:skipWS)
                  20026c1c    00000024     fatfs.a : ff.obj (.text:st_clust)
                  20026c40    00000024     rtsv7M4_T_le_eabi.lib : strcspn.c.obj (.text:strcspn)
                  20026c64    00000024     freertos_builds_CC3220S_LAUNCHXL_release_ccs.lib : queue.obj (.text:vQueueDelete)
                  20026c88    00000024                                                      : tasks.obj (.text:vTaskInternalSetTimeOutState)
                  20026cac    00000022                                                      : SemaphoreP_freertos.obj (.text:SemaphoreP_post)
                  20026cce    00000022                                                      : aeabi_portable.obj (.text:__aeabi_errno_addr)
                  20026cf0    00000022     fatfs.a : ff.obj (.text:mem_cmp)
                  20026d12    00000022     freertos_builds_CC3220S_LAUNCHXL_release_ccs.lib : pthread.obj (.text:pthread_attr_setdetachstate)
                  20026d34    00000020     drivers_cc32xx.aem4 : ADCCC32XX.oem4 (.text:ADCCC32XX_convertToMicroVolts)
                  20026d54    00000020     freertos_builds_CC3220S_LAUNCHXL_release_ccs.lib : ClockP_freertos.obj (.text:ClockP_getCpuFreq)
                  20026d74    00000020                                                      : HwiPCC32XX_freertos.obj (.text:HwiP_restore)
                  20026d94    00000020     driverlib.a : interrupt.obj (.text:IntRegister)
                  20026db4    00000020     platform.obj (.text:Platform_TimerInit)
                  20026dd4    00000020     drivers_cc32xx.aem4 : PowerCC32XX.oem4 (.text:Power_unregisterNotify)
                  20026df4    00000020                         : RingBuf.oem4 (.text:RingBuf_peek)
                  20026e14    00000020     fatfs.a : diskio.obj (.text:disk_write)
                  20026e34    00000020             : ffcio.obj (.text:ffcio_close)
                  20026e54    00000020             : ffcio.obj (.text:ffcio_read)
                  20026e74    00000020             : ffcio.obj (.text:ffcio_write)
                  20026e94    00000020     drivers_cc32xx.aem4 : SPICC32XXDMA.oem4 (.text:getPowerMgrId)
                  20026eb4    00000020                         : UARTCC32XX.oem4 (.text:getPowerMgrId)
                  20026ed4    00000020     rtsv7M4_T_le_eabi.lib : memchr.c.obj (.text:memchr)
[...]
2002664d  Platform_TimerStop                        
20026675  Power_registerNotify                      
2002669d  SignalProvisioningEvent                   
200266ed  StartLedEvtTimer                          
2002673d  StopLedEvtTimer                           
20026765  _SlDrvProtectionObjLockWaitForever        
2002678d  _SlDrvProtectionObjUnLock                 
200267b5  _SlFlowContSet                            
200267dd  _c_int00_noargs                           
20026805  disk_unregister                           
20026855  lseek                                     
2002687d  pthread_attr_setschedparam                
200268a5  read                                      
200268cd  time                                      
200268f5  write                                     
2002691d  List_put                                  
20026943  List_remove                               
20026969  SDHostDataNonBlockingRead                 
2002698f  _pthread_cleanup_pop                      
200269b5  f_close                                   
20026a01  BME280_init                               
20026a25  BME280_read                               
20026a49  IntUnregister                             
20026a6d  PowerCC32XX_reset                         
20026a91  SDFatFS_diskInitialize                    
20026ab5  _SlDrvIsApiInProgress                     
20026ad9  _SlDrvStartMeasureTimeout                 
20026afd  disk_ioctl                                
20026b21  disk_read                                 
20026b45  memcmp                                    
20026b69  memmove                                   
20026bb1  __aeabi_ui2f                              
20026bd5  sem_getvalue                              
20026c41  strcspn                                   
20026c65  vQueueDelete                              
20026c89  vTaskInternalSetTimeOutState              
20026cad  SemaphoreP_post                           
20026cad  ff_rel_grant                              
20026ccf  __aeabi_errno_addr                        
20026d13  pthread_attr_setdetachstate               
20026d35  ADCCC32XX_convertToMicroVolts             
20026d55  ClockP_getCpuFreq                         
20026d75  HwiP_restore                              
20026d95  IntRegister                               
20026db5  Platform_TimerInit                        
20026dd5  Power_unregisterNotify                    
20026df5  RingBuf_peek                              
20026e15  disk_write                                
20026e35  ffcio_close                               
20026e55  ffcio_read                                
20026e75  ffcio_write                               
20026ed5  memchr                                    
20026f15  __aeabi_ui2d                              
20026f55  ClockP_start                              
20026f73  HwiP_Params_init                          
20026f91  SkipWhitespace                            
20026faf  _SlDrvObjLockWaitForever                  
20026fcd  _SlDrvObjUnLock                           
20026feb  _SlDrvSyncObjSignal                       
20027045  ClockP_Params_init                        
2002707d  Message                                   
20027099  PinToPadGet                               
20027109  _SlInternalIsItSpawnThread                
20027141  disk_initialize                           
2002715d  disk_status                               
20027179  memccpy                                   
20027195  pthread_attr_init                         
200271b1  pthread_mutexattr_init                    
200271cd  pvTaskIncrementMutexHeldCount             
200271e9  PTLS_taskDeleteHook                       
20027203  SDHostCC32XX_init                         
20027237  pthread_mutex_destroy                     
20027269  OtaArchive_CloseAbort                     
20027281  Power_idleFunc                            
20027299  UARTBusy                                  
200272b1  UARTIntEnable                             
200272c9  UART_Params_init                          
20027341  ff_cre_syncobj                            
20027359  free                                      
20027371  putch                                     
20027389  __aeabi_lmul                              
200273a1  sem_wait                                  
200273b9  strcmp                                    
200273d1  xTaskGetTickCountFromISR                  
200273e9  ClockP_setTimeout                         
200273ff  CryptoCC32XX_HmacParams_init              
20027415  OtaJson_FindStartObject                   
2002742b  PRCMHIBRegRead                            
20027441  PRCMHIBRegWrite                           
20027457  PTLS_getBuf                               
2002746d  PTLS_setBuf                               
20027483  SemaphoreP_Params_init                    
20027499  _SlDrvMemZero                             
200274dd  resetISR                                  
200274ec  resetVectorAddr                           
20027509  strchr                                    
20027535  AsyncEvtTimerIntHandler                   
20027549  CPUcpsie                                  
2002755d  GetProvisioningState                      
20027571  IntVTableBaseSet                          
20027585  Power_getDependencyCount                  
20027599  SHAMD5ReadDigestCount                     
200275ad  SPI_Params_init                           
200275c1  ff_req_grant                              
200275fd  pthread_attr_setstacksize                 
20027611  pthread_mutex_lock                        
20027625  pthread_self                              
2002764d  sem_destroy                               
20027661  strcpy                                    
20027675  strlen                                    
20027689  vPortSuppressTicksAndSleep                
2002769d  xTaskGetCurrentTaskHandle                 
200276b1  xTaskGetTickCount                         
200276c5  HwiP_delete                               
200276d7  RingBuf_construct                         
200276e9  SHAMD5DataLengthSet                       
200276fb  SHAMD5WriteDigestCount                    
2002771f  ffcio_rename                              
20027731  ffcio_unlink                              
20027755  wcslen                                    
20027767  ClockP_getSystemTickPeriod                
20027779  I2C_Params_init                           
20027789  LedTimerIntHandler                        
20027799  SDFatFS_diskStatus                        
200277a9  SizeOfTemplateEntry                       
200277b9  SysTickDisable                            
200277c9  SysTickEnable                             
200277d9  _SlDrvDispatchHttpServerEvents            
200277e9  _SlDrvDispatchNetAppRequestEvents         
200277f9  _SlDrvIsSpawnOwnGlobalLock                
20027829  vListInitialiseItem                       
20027839  vTaskSuspendAll                           
20027849  OtaArchive_GetStatus                      
20027857  Power_getTransitionLatency                
20027865  RingBuf_isFull                            
20027873  _SlDrvResetCmdExt                         
20027881  __TI_decompress_none                      
2002789d  spi_Close                                 
200278ab  CC3220S_LAUNCHXL_initGeneral              
200278b7  CPUwfi                                    
200278c3  HwiP_clearInterrupt                       
200278cf  HwiP_disableInterrupt                     
200278db  HwiP_enableInterrupt                      
200278e9  NwpMaskInterrupt                          
200278f5  NwpUnMaskInterrupt                        
20027901  Power_getConstraintMask                   
2002790d  SemaphoreP_delete                         
20027919  UpdateBestCaseRc                          
20027925  _SlDeviceResetRequestInitCompletedCB      
20027931  __TI_zero_init                            
2002796d  uDMAErrorStatusClear                      
20027979  uDMAErrorStatusGet                        
20027985  vTaskMissedYield                          
20027991  ADC_Params_init                           
2002799b  ADC_convert                               
200279a5  I2C_transfer                              
200279af  IntMasterEnable                           
200279b9  SD_close                                  
200279c3  SD_getNumSectors                          
200279cd  SD_getSectorSize                          
200279d7  SD_initialize                             
200279e1  SD_read                                   
200279eb  SD_write                                  
200279f5  SPI_close                                 
200279ff  SPI_transfer                              
20027a09  SimpleLinkNetAppRequestMemFreeEventHandler
20027a13  UART_control                              
20027a1d  UART_writePolling                         
20027a3b  ff_del_syncobj                            
20027a45  sl_Task                                   
20027a59  vApplicationStackOverflowHook             
20027a63  ADCCC32XX_init                            
20027a6b  ClockP_getSystemTicks                     
20027a73  CryptoCC32XX_unregister                   
20027a83  PRCMSleepEnter                            
20027a8b  TimerGetCurrentTimestamp                  
20027a9b  copysign                                  
20027a9b  copysignl                                 
20027aab  rewind                                    
20027abb  ADCCC32XX_control                         
20027ac1  I2CCC32XX_control                         
20027ac7  SDHostCC32XX_control                      
20027acd  SDHostCC32XX_getSectorSize                
20027ad3  SPICC32XXDMA_control                      
20027ad9  UtilsDelay                                
20027ae5  SPICC32XXDMA_init                         
20027af1  __abort_execution                         
20027af5  _system_pre_init                          
20027af9  C$$EXIT                                   
20027af9  abort                                     
20027b05  get_fattime                               
2002fc00  gOtaArcive                                
20032b4c  cpy_buff                                  
20033350  gPayloadBuffer                            
200338a4  sdfatfsObjects                            
20033ae4  uartCC3220SObjects                        
20034000  g_CB                                      
200343fc  gMetadataResponse                         
200345fc  PowerCC32XX_contextSave                   
20034728  __CIOBUF_                                 
20034848  B64DecTable                               
20034948  gHttpGetBuffer                            
20034a30  gHttpPostBuffer                           
20034be0  __TI_tmpnams                              
20034c80  spiCC3220SDMAObjects                      
20034d08  HmacParams                                
20034d84  gMetadataBuffer                           
20034de8  Provisioning_ControlBlock                 
20034e3c  i2cCC3220SObjects                         
20034e8c  sdhostCC3220SObjects                      
20034ed0  B64EncTable                               
20034f10  uartCC3220SRingBuffer                     
20034f50  LinkLocal_ControlBlock                    
20034f8c  OutOfBox_ControlBlock                     
20034fbc  GlobalLockObj                             
20035010  g_SlInternalSpawnCB                       
2003507c  gPayloadData                              
200350b8  cryptoCC3220SObjects                      
20035174  gAppCtx                                   
200351a8  gOtaVersion                               
200351d0  DeviceCB                                  
200351dc  Msg                                       
200351e8  sdCard                                    
2003520c  parmbuf                                   
20035214  spiCC3220SDMAscratchBuf                   
2003521c  udmaCC3220SObject                         
20035230  adcCC3220SObjects                         
20035234  bmeDatIn                                  
20035238  controlMQueue                             
2003523c  gAsyncEventTimer                          
20035240  gLedTimer                                 
20035244  humidIn                                   
20035248  humidOut                                  
2003524c  i2cHandle                                 
20035250  linkLocalMQueue                           
20035254  oxygenSensor                              
20035258  presIn                                    
2003525c  presOut                                   
20035260  sdfatfsHandle                             
20035264  tempIn                                    
20035268  tempOut                                   
2003526c  temperatureVal                            
20035273  RxIrqCnt                                  
20035276  dataFreq                                  
20035278  oxygen                                    
2003527a  oxygenRAW                                 
2003527c  xVal                                      
2003527d  yVal                                      
2003527e  zVal                                      
20035280  httpRequest                               
20035b5c  HwiP_dispatchTable                        
2003635c  internalBuf                               
20036744  PowerCC32XX_module                        
200368b0  g_ContentTypes                            
200369ac  parkInfo                                  
20036aa4  _ftable                                   
20036b94  g_HeaderFields                            
20036c44  _device                                   
20036cbc  template_OtaCmd                           
20036d34  _stream                                   
20036dd4  pxCurrentTCB                              
20036e08  gpioPinConfigs                            
20036e3c  dateTime                                  
20036e68  CryptoCC32XX_HwiPTable                    
20036e8c  FileList                                  
20036eb0  g_LibsEvents                              
20036ed4  g_UserEvents                              
20036f1c  Digest                                    
20036f3c  Lights_State                              
20036f3d  Fan_State                                 
20036f3e  Peltier_State                             
20036f40  goalTemp                                  
20036f44  tempMargin                                
20036f48  secondCount                               
20036f4c  bytesRead                                 
20036f50  bytesWritten                              
20036f54  totalBytesCopied                          
20036f70  gProvisioningThread                       
20036f74  gLinklocalThread                          
20036f78  gControlThread                            
20036f7c  gOtaThread                                
20036f80  gSpawnThread                              
20036f84  gSystemThread                             
20036f9c  _tz                                       
20036fcc  gpioCallbackFunctions                     
20036fdc  __TI_ft_end                               
20036fe0  __aeabi_stdin                             
20036fe4  __aeabi_stdout                            
20036fe8  __aeabi_stderr                            
20036fec  cryptoHandle                              
20036ff0  pTempBuf                                  
20036ffc  __TI_cleanup_ptr                          
20037000  __TI_dtors_ptr                            
20037004  __TI_enable_exit_profile_output           
20037008  OtaJsonObj                                
2003702c  gGlobalLockCntRequested                   
2003702d  gGlobalLockCntReleased                    
2003702e  g_SlDeviceStatus                          
20037030  g_pCB                                     
20037034  pPingCallBackFunc                         
20037044  _lock                                     
20037048  _unlock                                   
2003704c  Sched_Lights_OFF                          
20037054  Sched_Lights_ON                           
2003706c  airQuality                                
20037070  sensorLockObj                             
20037090  fatfsPrefix                               
200370b0  g_intHandle                               
2003776c  gProvisioningTransitionTable              
20037b5c  _ctypes_                                  
20037fec  spiCC3220SDMAHWAttrs                      
20038064  OpcodeTranslateTable                      
20038134  _SlActionLookupTable                      
200381d8  uartCC3220SHWAttrs                        
20038220  PowerCC32XX_config                        
200382d0  pageNotFound                              
200382f8  UARTCC32XX_fxnTable                       
20038320  UART_defaultParams                        
20038344  sdHostCC32XX_fxnTable                     
200383cc  SPI_defaultParams                         
2003842c  sdhostCC3220SHWattrs                      
20038488  ADCCC32XX_fxnTable                        
200384a0  ADC_config                                
200384b8  I2CCC32XX_fxnTable                        
200384d0  SPICC32XXDMA_fxnTable                     
200384e8  SPI_config                                
20038500  UART_config                               
2003863c  GPIOCC32XX_config                         
200386bc  checkFileName                             
200386cc  I2C_defaultParams                         
200386ec  i2cCC3220SHWAttrs                         
20038728  ADC_count                                 
20038729  Capture_count                             
2003872a  CryptoCC32XX_count                        
2003872b  Display_count                             
2003872c  I2C_count                                 
2003872d  I2S_count                                 
2003872e  PWM_count                                 
2003872f  SDFatFS_count                             
20038730  SD_count                                  
20038731  SPI_count                                 
20038732  Timer_count                               
20038733  UART_count                                
20038734  Watchdog_count                            
20038738  I2C_config                                
20038744  SD_config                                 
20038774  udmaCC3220SHWAttrs                        
20038794  ADC_defaultParams                         
2003879c  UDMACC32XX_config                         
200387a4  adcCC3220SHWAttrs                         
200387b4  ulMaxSyscallInterruptPriority             
200387d4  outPinTypes                               
200387ea  inPinTypes                                
200387f0  outPinStrengths                           
20038804  CryptoCC32XX_config                       
20038808  SDFatFS_config                            
2003880c  SD_defaultParams                          
2003881c  _SlFsFileSysControlCmdCtrl                
20038830  _SlNetAppReceiveCmdCtrl                   
20038834  _SlNetAppSendCmdCtrl                      
20038838  _SlNetAppSendResponseCmdCtrl              
2003883c  _SlNetAppSendTokenValueCmdCtrl            
20038848  _SlNetUtilCmdCtrl                         
20038854  _SlProvisioningCmdCtrl                    
20038890  __TI_static_base__                        
20038c4c  __TI_Handler_Table_Base                   
20038c58  __TI_Handler_Table_Limit                  
20038c60  __TI_CINIT_Base                           
20038c70  __TI_CINIT_Limit                          
ffffffff  __TI_pprof_out_hndl                       
ffffffff  __TI_prof_data_size                       
ffffffff  __TI_prof_data_start                      
ffffffff  __binit__                                 
ffffffff  __c_args__                                
ffffffff  binit                                     
UNDEFED   __mpu_init                                
UNDEFED   _system_post_cinit                        

[932 symbols]
